Copyright 1986-2018 Xilinx, Inc. All Rights Reserved.
---------------------------------------------------------------------------------------
| Tool Version : Vivado v.2018.3 (win64) Build 2405991 Thu Dec  6 23:38:27 MST 2018
| Date         : Wed Nov 12 20:08:23 2025
| Host         : shenqidediannao running 64-bit major release  (build 9200)
| Command      : report_control_sets -verbose -file Double_PWM_control_sets_placed.rpt
| Design       : Double_PWM
| Device       : xc7a35t
---------------------------------------------------------------------------------------

Control Set Information

Table of Contents
-----------------
1. Summary
2. Histogram
3. Flip-Flop Distribution
4. Detailed Control Set Information

1. Summary
----------

+----------------------------------------------------------+-------+
|                          Status                          | Count |
+----------------------------------------------------------+-------+
| Number of unique control sets                            |     4 |
| Unused register locations in slices containing registers |    12 |
+----------------------------------------------------------+-------+


2. Histogram
------------

+--------+--------------+
| Fanout | Control Sets |
+--------+--------------+
|      7 |            1 |
|    16+ |            3 |
+--------+--------------+


3. Flip-Flop Distribution
-------------------------

+--------------+-----------------------+------------------------+-----------------+--------------+
| Clock Enable | Synchronous Set/Reset | Asynchronous Set/Reset | Total Registers | Total Slices |
+--------------+-----------------------+------------------------+-----------------+--------------+
| No           | No                    | No                     |               0 |            0 |
| No           | No                    | Yes                    |             109 |           32 |
| No           | Yes                   | No                     |               0 |            0 |
| Yes          | No                    | No                     |               0 |            0 |
| Yes          | No                    | Yes                    |             103 |           36 |
| Yes          | Yes                   | No                     |               0 |            0 |
+--------------+-----------------------+------------------------+-----------------+--------------+


4. Detailed Control Set Information
-----------------------------------

+-------------------------+-------------------------------------+------------------+------------------+----------------+
|       Clock Signal      |            Enable Signal            | Set/Reset Signal | Slice Load Count | Bel Load Count |
+-------------------------+-------------------------------------+------------------+------------------+----------------+
|  clk_inst/inst/clk_out1 | continuous_cycle_counter[6]_i_1_n_0 | clk_inst_i_1_n_0 |                2 |              7 |
|  clk_inst/inst/clk_out1 |                                     | PWM1_i_2_n_0     |                8 |             28 |
|  clk_inst/inst/clk_out1 |                                     | clk_inst_i_1_n_0 |               24 |             81 |
|  clk_inst/inst/clk_out1 | reset_debounce_counter[31]_i_1_n_0  | clk_inst_i_1_n_0 |               34 |             96 |
+-------------------------+-------------------------------------+------------------+------------------+----------------+


